------------------------------------------------------------
TimeQuest Timing Analyzer Summary
------------------------------------------------------------

Type  : Slow 1200mV 85C Model Setup 'clk'
Slack : -5.322
TNS   : -252.662

Type  : Slow 1200mV 85C Model Setup 'UA:inst6|reg:inst7|lpm_ff:lpm_ff_component|dffs[2]'
Slack : -3.549
TNS   : -3.549

Type  : Slow 1200mV 85C Model Hold 'clk'
Slack : -0.055
TNS   : -0.275

Type  : Slow 1200mV 85C Model Hold 'UA:inst6|reg:inst7|lpm_ff:lpm_ff_component|dffs[2]'
Slack : 3.251
TNS   : 0.000

Type  : Slow 1200mV 85C Model Recovery 'UA:inst6|reg:inst7|lpm_ff:lpm_ff_component|dffs[2]'
Slack : -2.280
TNS   : -2.280

Type  : Slow 1200mV 85C Model Removal 'UA:inst6|reg:inst7|lpm_ff:lpm_ff_component|dffs[2]'
Slack : 2.764
TNS   : 0.000

Type  : Slow 1200mV 85C Model Minimum Pulse Width 'clk'
Slack : -3.000
TNS   : -124.934

Type  : Slow 1200mV 85C Model Minimum Pulse Width 'UA:inst6|reg:inst7|lpm_ff:lpm_ff_component|dffs[2]'
Slack : -1.487
TNS   : -1.487

Type  : Slow 1200mV 0C Model Setup 'clk'
Slack : -4.839
TNS   : -234.265

Type  : Slow 1200mV 0C Model Setup 'UA:inst6|reg:inst7|lpm_ff:lpm_ff_component|dffs[2]'
Slack : -3.208
TNS   : -3.208

Type  : Slow 1200mV 0C Model Hold 'clk'
Slack : -0.148
TNS   : -0.740

Type  : Slow 1200mV 0C Model Hold 'UA:inst6|reg:inst7|lpm_ff:lpm_ff_component|dffs[2]'
Slack : 2.994
TNS   : 0.000

Type  : Slow 1200mV 0C Model Recovery 'UA:inst6|reg:inst7|lpm_ff:lpm_ff_component|dffs[2]'
Slack : -1.977
TNS   : -1.977

Type  : Slow 1200mV 0C Model Removal 'UA:inst6|reg:inst7|lpm_ff:lpm_ff_component|dffs[2]'
Slack : 2.545
TNS   : 0.000

Type  : Slow 1200mV 0C Model Minimum Pulse Width 'clk'
Slack : -3.000
TNS   : -124.934

Type  : Slow 1200mV 0C Model Minimum Pulse Width 'UA:inst6|reg:inst7|lpm_ff:lpm_ff_component|dffs[2]'
Slack : -1.487
TNS   : -1.487

Type  : Fast 1200mV 0C Model Setup 'clk'
Slack : -2.136
TNS   : -64.810

Type  : Fast 1200mV 0C Model Setup 'UA:inst6|reg:inst7|lpm_ff:lpm_ff_component|dffs[2]'
Slack : -1.747
TNS   : -1.747

Type  : Fast 1200mV 0C Model Hold 'clk'
Slack : -0.419
TNS   : -2.095

Type  : Fast 1200mV 0C Model Hold 'UA:inst6|reg:inst7|lpm_ff:lpm_ff_component|dffs[2]'
Slack : 2.082
TNS   : 0.000

Type  : Fast 1200mV 0C Model Recovery 'UA:inst6|reg:inst7|lpm_ff:lpm_ff_component|dffs[2]'
Slack : -0.535
TNS   : -0.535

Type  : Fast 1200mV 0C Model Removal 'UA:inst6|reg:inst7|lpm_ff:lpm_ff_component|dffs[2]'
Slack : 1.258
TNS   : 0.000

Type  : Fast 1200mV 0C Model Minimum Pulse Width 'clk'
Slack : -3.000
TNS   : -92.860

Type  : Fast 1200mV 0C Model Minimum Pulse Width 'UA:inst6|reg:inst7|lpm_ff:lpm_ff_component|dffs[2]'
Slack : -1.000
TNS   : -1.000

------------------------------------------------------------
